// Jest Snapshot v1, https://goo.gl/fbAQLP

exports[`ArticleContent Match snapshot 1`] = `
.emotion-1 {
  -webkit-align-items: baseline;
  -webkit-box-align: baseline;
  -ms-flex-align: baseline;
  align-items: baseline;
  border-width: 0;
  border-radius: var(--ds-border-radius, 3px);
  box-sizing: border-box;
  display: -webkit-inline-box;
  display: -webkit-inline-flex;
  display: -ms-inline-flexbox;
  display: inline-flex;
  font-size: inherit;
  font-style: normal;
  font-family: inherit;
  font-weight: 500;
  max-width: 100%;
  position: relative;
  text-align: center;
  -webkit-text-decoration: none;
  text-decoration: none;
  -webkit-transition: background 0.1s ease-out,box-shadow 0.15s cubic-bezier(0.47, 0.03, 0.49, 1.38);
  transition: background 0.1s ease-out,box-shadow 0.15s cubic-bezier(0.47, 0.03, 0.49, 1.38);
  white-space: nowrap;
  background: var(--ds-background-neutral, rgba(9, 30, 66, 0.04));
  color: var(--ds-text, #42526E)!important;
  cursor: pointer;
  height: 2.2857142857142856em;
  line-height: 2.2857142857142856em;
  padding: 0 10px;
  vertical-align: middle;
  width: auto;
  -webkit-box-pack: center;
  -ms-flex-pack: center;
  -webkit-justify-content: center;
  justify-content: center;
}

.emotion-1:visited {
  background: var(--ds-background-neutral, rgba(9, 30, 66, 0.04));
  color: var(--ds-text, #42526E)!important;
}

.emotion-1:hover {
  background: var(--ds-background-neutral-hovered, rgba(9, 30, 66, 0.08));
  color: var(--ds-text, #42526E)!important;
  -webkit-text-decoration: inherit;
  text-decoration: inherit;
  transition-duration: 0s,0.15s;
}

.emotion-1:active {
  background: var(--ds-background-neutral-pressed, rgba(179, 212, 255, 0.6));
  color: var(--ds-text, #0052CC)!important;
  transition-duration: 0s,0s;
}

.emotion-1[data-firefox-is-active="true"] {
  background: var(--ds-background-neutral-pressed, rgba(179, 212, 255, 0.6));
  color: var(--ds-text, #0052CC)!important;
  transition-duration: 0s,0s;
}

.emotion-1[disabled] {
  background: var(--ds-background-disabled, rgba(9, 30, 66, 0.04));
  color: var(--ds-text-disabled, #A5ADBA)!important;
  cursor: not-allowed;
  -webkit-text-decoration: none;
  text-decoration: none;
}

.emotion-1[data-has-overlay="true"] {
  cursor: default;
  -webkit-text-decoration: none;
  text-decoration: none;
}

.emotion-1[data-has-overlay="true"]:not([disabled]):hover,
.emotion-1[data-has-overlay="true"]:not([disabled]):active {
  background: var(--ds-background-neutral, rgba(9, 30, 66, 0.04));
  color: var(--ds-text, #42526E)!important;
}

.emotion-1::-moz-focus-inner {
  border: 0;
  margin: 0;
  padding: 0;
}

.emotion-1:focus {
  outline: 2px solid var(--ds-border-focused, #2684FF);
  outline-offset: 2px;
}

.emotion-1:focus-visible {
  outline: 2px solid var(--ds-border-focused, #2684FF);
  outline-offset: 2px;
}

.emotion-1:focus:not(:focus-visible) {
  outline: none;
}

@media screen and (forced-colors: active),screen and (-ms-high-contrast: active) {
  .emotion-1:focus-visible {
    outline: 1px solid;
  }
}

.emotion-0 {
  opacity: 1;
  -webkit-transition: opacity 0.3s;
  transition: opacity 0.3s;
  margin: 0 2px;
  -webkit-box-flex: 1;
  -webkit-flex-grow: 1;
  -ms-flex-positive: 1;
  flex-grow: 1;
  -webkit-flex-shrink: 1;
  -ms-flex-negative: 1;
  flex-shrink: 1;
  overflow: hidden;
  text-overflow: ellipsis;
  white-space: nowrap;
}

<button
  aria-pressed="false"
  class="emotion-1"
  tabindex="0"
  type="button"
>
  <span
    class="emotion-0"
  >
    No
  </span>
</button>
`;
