// Jest Snapshot v1, https://goo.gl/fbAQLP

exports[`card: should be able to switch views with view switcher with icons toolbar 1`] = `
Object {
  "content": Array [
    Object {
      "attrs": Object {
        "data": null,
        "url": "https://inlineCardTestUrl",
      },
      "type": "blockCard",
    },
    Object {
      "content": Array [
        Object {
          "text": " ",
          "type": "text",
        },
      ],
      "type": "paragraph",
    },
  ],
  "type": "doc",
}
`;
