// Jest Snapshot v1, https://goo.gl/fbAQLP

exports[`card: block card with datasource should copy and paste multiple datasource tables 1`] = `
Object {
  "content": Array [
    Object {
      "content": Array [
        Object {
          "text": " ",
          "type": "text",
        },
      ],
      "type": "paragraph",
    },
    Object {
      "content": Array [
        Object {
          "text": " ",
          "type": "text",
        },
      ],
      "type": "paragraph",
    },
    Object {
      "attrs": Object {
        "data": null,
        "datasource": Object {
          "id": "some-datasource-id",
          "parameters": Object {
            "cloudId": "DUMMY-158c8204-ff3b-47c2-adbb-a0906ccc722b",
            "jql": "project=EDM",
          },
          "views": Array [
            Object {
              "properties": Object {
                "columns": Array [
                  Object {
                    "key": "type",
                  },
                  Object {
                    "key": "summary",
                  },
                  Object {
                    "key": "assignee",
                  },
                ],
              },
              "type": "table",
            },
          ],
        },
        "layout": "center",
        "url": null,
        "width": null,
      },
      "type": "blockCard",
    },
    Object {
      "type": "paragraph",
    },
    Object {
      "type": "paragraph",
    },
    Object {
      "attrs": Object {
        "data": null,
        "datasource": Object {
          "id": "some-datasource-id",
          "parameters": Object {
            "cloudId": "DUMMY-158c8204-ff3b-47c2-adbb-a0906ccc722b",
            "jql": "project=EDM",
          },
          "views": Array [
            Object {
              "properties": Object {
                "columns": Array [
                  Object {
                    "key": "type",
                  },
                  Object {
                    "key": "summary",
                  },
                  Object {
                    "key": "assignee",
                  },
                ],
              },
              "type": "table",
            },
          ],
        },
        "layout": null,
        "url": null,
        "width": null,
      },
      "type": "blockCard",
    },
    Object {
      "type": "paragraph",
    },
    Object {
      "type": "paragraph",
    },
  ],
  "type": "doc",
}
`;
