// Jest Snapshot v1, https://goo.gl/fbAQLP

exports[`Chromeless editor platform_fix_extra_space_last_line_comment_editor is on render correct overridden styles should render correct overridden styles 1`] = `
.emotion-0 {
  line-height: 20px;
  height: auto;
  overflow-x: hidden;
  overflow-y: auto;
  max-width: inherit;
  box-sizing: border-box;
  word-wrap: break-word;
  -ms-overflow-style: -ms-autohiding-scrollbar;
}

.emotion-0 div>.ProseMirror {
  outline: none;
  white-space: pre-wrap;
  padding: 0;
  margin: 0;
}

.emotion-0 div>.ProseMirror>:last-child {
  padding-bottom: var(--ds-space-100, 0.5em);
}

.emotion-0::-webkit-scrollbar-corner {
  display: none;
}

.emotion-0::-webkit-scrollbar-thumb {
  background-color: var(--ds-background-neutral-subtle, #00000000);
}

.emotion-0:hover::-webkit-scrollbar-thumb {
  background-color: var(--ds-background-neutral-bold, #44546F);
  border-radius: 8px;
}

.emotion-0::-webkit-scrollbar-thumb:hover {
  background-color: var(--ds-background-neutral-bold-hovered, #2C3E5D);
}



.emotion-0 .ProseMirror>p:last-of-type {
  margin-bottom: var(--ds-space-0, 0px);
}

<div>
  <div
    class="emotion-0"
    data-testid="chromeless-editor"
    id="chromeless-editor"
    style="max-height: 200px; min-height: 100px;"
  >
    <p>
      Hello world
    </p>
    <p>
      Hello world
    </p>
  </div>
</div>
`;
