// Jest Snapshot v1, https://goo.gl/fbAQLP

exports[`comment editor fixed toolbar styles platform-visual-refresh-icons is on visual refresh icons should render sticky toolbar with correct styles 1`] = `
".css-b7pr3x-FixedToolbar{position:relative;-webkit-align-items:center;-webkit-box-align:center;-ms-flex-align:center;align-items:center;padding:var(--ds-space-100, 8px) var(--ds-space-100, 8px) 0;display:-webkit-box;display:-webkit-flex;display:-ms-flexbox;display:flex;height:auto;background-color:var(--ds-surface, white);box-shadow:none;padding-left:var(--ds-space-250, 20px);}
.css-b7pr3x-FixedToolbar >div{}
.css-b7pr3x-FixedToolbar >div >div:first-of-type:not(style),.css-b7pr3x-FixedToolbar >div >style:first-of-type+*{margin-left:0;}
.css-b7pr3x-FixedToolbar .block-type-btn{padding-left:0;}
.css-161bjmo-FixedToolbar{position:relative;-webkit-align-items:center;-webkit-box-align:center;-ms-flex-align:center;align-items:center;padding:var(--ds-space-100, 8px) var(--ds-space-100, 8px) 0;display:-webkit-box;display:-webkit-flex;display:-ms-flexbox;display:flex;height:auto;background-color:var(--ds-surface, white);box-shadow:none;padding-left:var(--ds-space-250, 20px);}
.css-161bjmo-FixedToolbar >div{}
.css-161bjmo-FixedToolbar >div >div:first-of-type:not(style),.css-161bjmo-FixedToolbar >div >style:first-of-type+*{margin-left:0;}
.css-161bjmo-FixedToolbar .block-type-btn{padding-left:0;}
.css-161bjmo-FixedToolbar>div{}
@media (max-width: 490px){.css-161bjmo-FixedToolbar>div{-webkit-flex-direction:column-reverse;-ms-flex-direction:column-reverse;flex-direction:column-reverse;-webkit-align-items:end;-webkit-box-align:end;-ms-flex-align:end;align-items:end;display:-webkit-box;display:-webkit-flex;display:-ms-flexbox;display:flex;-webkit-box-pack:end;-ms-flex-pack:end;-webkit-justify-content:flex-end;justify-content:flex-end;}}
.css-161bjmo-FixedToolbar>div >div:first-of-type{}
@media (max-width: 490px){.css-161bjmo-FixedToolbar>div >div:first-of-type >div:nth-of-type(2){-webkit-box-pack:end;-ms-flex-pack:end;-webkit-justify-content:flex-end;justify-content:flex-end;display:-webkit-box;display:-webkit-flex;display:-ms-flexbox;display:flex;}}
.css-161bjmo-FixedToolbar span svg{max-width:100%;}"
`;

exports[`comment editor sticky toolbar styles platform-visual-refresh-icons is on visual refresh icons on should render sticky toolbar with correct styles 1`] = `
".css-qv9fzm-StickyToolbar{position:relative;-webkit-align-items:center;-webkit-box-align:center;-ms-flex-align:center;align-items:center;padding:var(--ds-space-100, 8px) var(--ds-space-100, 8px) 0;display:-webkit-box;display:-webkit-flex;display:-ms-flexbox;display:flex;height:auto;background-color:var(--ds-surface, white);box-shadow:none;padding-left:var(--ds-space-250, 20px);position:-webkit-sticky;position:sticky;padding-bottom:var(--ds-space-100, 8px);z-index:500;-webkit-transition:box-shadow ease-in-out 0.2s;transition:box-shadow ease-in-out 0.2s;}
.css-qv9fzm-StickyToolbar >div{}
.css-qv9fzm-StickyToolbar >div >div:first-of-type:not(style),.css-qv9fzm-StickyToolbar >div >style:first-of-type+*{margin-left:0;}
.css-qv9fzm-StickyToolbar .block-type-btn{padding-left:0;}
.css-qv9fzm-StickyToolbar>div{}
@media (max-width: 490px){.css-qv9fzm-StickyToolbar>div{-webkit-flex-direction:column-reverse;-ms-flex-direction:column-reverse;flex-direction:column-reverse;-webkit-align-items:end;-webkit-box-align:end;-ms-flex-align:end;align-items:end;display:-webkit-box;display:-webkit-flex;display:-ms-flexbox;display:flex;-webkit-box-pack:end;-ms-flex-pack:end;-webkit-justify-content:flex-end;justify-content:flex-end;}}
.css-qv9fzm-StickyToolbar>div >div:first-of-type{}
@media (max-width: 490px){.css-qv9fzm-StickyToolbar>div >div:first-of-type >div:nth-of-type(2){-webkit-box-pack:end;-ms-flex-pack:end;-webkit-justify-content:flex-end;justify-content:flex-end;display:-webkit-box;display:-webkit-flex;display:-ms-flexbox;display:flex;}}
.css-qv9fzm-StickyToolbar span svg{max-width:100%;}
.css-qv9fzm-StickyToolbar.show-keyline{box-shadow:0 2px 0 0 var(--ds-background-accent-gray-subtlest, #F1F2F4);}"
`;
