// Jest Snapshot v1, https://goo.gl/fbAQLP

exports[`Value operand 游린 issuetype = """ 1`] = `
Object {
  "errors": Array [
    [JQLSyntaxError: extraneous input '"' expecting {<EOF>, ORDER}],
  ],
  "query": Object {
    "accept": [Function],
    "appendClause": [Function],
    "enterNode": [Function],
    "exitNode": [Function],
    "getChildren": [Function],
    "orderBy": undefined,
    "parent": null,
    "position": Array [
      0,
      15,
    ],
    "prependOrderField": [Function],
    "removeClause": [Function],
    "replaceClause": [Function],
    "setOrderDirection": [Function],
    "type": "query",
    "where": Object {
      "accept": [Function],
      "appendOperand": [Function],
      "clauseType": "terminal",
      "enterNode": [Function],
      "exitNode": [Function],
      "field": Object {
        "accept": [Function],
        "enterNode": [Function],
        "exitNode": [Function],
        "getChildren": [Function],
        "parent": [Circular],
        "position": Array [
          0,
          9,
        ],
        "properties": Array [],
        "text": "issuetype",
        "value": "issuetype",
      },
      "getChildren": [Function],
      "operand": Object {
        "accept": [Function],
        "enterNode": [Function],
        "exitNode": [Function],
        "getChildren": [Function],
        "operandType": "value",
        "parent": [Circular],
        "position": Array [
          12,
          14,
        ],
        "text": "\\"\\"",
        "type": "operand",
        "value": "",
      },
      "operator": Object {
        "accept": [Function],
        "enterNode": [Function],
        "exitNode": [Function],
        "getChildren": [Function],
        "parent": [Circular],
        "position": Array [
          10,
          11,
        ],
        "text": "=",
        "value": "=",
      },
      "parent": [Circular],
      "position": Array [
        0,
        14,
      ],
      "predicates": Array [],
      "remove": [Function],
      "replace": [Function],
      "setOperand": [Function],
      "setOperator": [Function],
      "type": "clause",
    },
  },
  "represents": "issuetype = \\"\\"\\"",
}
`;

exports[`Value operand 游린 issuetype = "value with "unescaped" characters" 1`] = `
Object {
  "errors": Array [
    [JQLSyntaxError: mismatched input 'unescaped' expecting {<EOF>, ORDER}],
  ],
  "query": Object {
    "accept": [Function],
    "appendClause": [Function],
    "enterNode": [Function],
    "exitNode": [Function],
    "getChildren": [Function],
    "orderBy": undefined,
    "parent": null,
    "position": Array [
      0,
      47,
    ],
    "prependOrderField": [Function],
    "removeClause": [Function],
    "replaceClause": [Function],
    "setOrderDirection": [Function],
    "type": "query",
    "where": Object {
      "accept": [Function],
      "appendOperand": [Function],
      "clauseType": "terminal",
      "enterNode": [Function],
      "exitNode": [Function],
      "field": Object {
        "accept": [Function],
        "enterNode": [Function],
        "exitNode": [Function],
        "getChildren": [Function],
        "parent": [Circular],
        "position": Array [
          0,
          9,
        ],
        "properties": Array [],
        "text": "issuetype",
        "value": "issuetype",
      },
      "getChildren": [Function],
      "operand": Object {
        "accept": [Function],
        "enterNode": [Function],
        "exitNode": [Function],
        "getChildren": [Function],
        "operandType": "value",
        "parent": [Circular],
        "position": Array [
          12,
          25,
        ],
        "text": "\\"value with \\"",
        "type": "operand",
        "value": "value with ",
      },
      "operator": Object {
        "accept": [Function],
        "enterNode": [Function],
        "exitNode": [Function],
        "getChildren": [Function],
        "parent": [Circular],
        "position": Array [
          10,
          11,
        ],
        "text": "=",
        "value": "=",
      },
      "parent": [Circular],
      "position": Array [
        0,
        25,
      ],
      "predicates": Array [],
      "remove": [Function],
      "replace": [Function],
      "setOperand": [Function],
      "setOperator": [Function],
      "type": "clause",
    },
  },
  "represents": "issuetype = \\"value with \\"unescaped\\" characters\\"",
}
`;

exports[`Value operand 游린 issuetype = value with $pecial characters 1`] = `
Object {
  "errors": Array [
    [JQLSyntaxError: mismatched input 'with' expecting {<EOF>, ORDER}],
  ],
  "query": Object {
    "accept": [Function],
    "appendClause": [Function],
    "enterNode": [Function],
    "exitNode": [Function],
    "getChildren": [Function],
    "orderBy": undefined,
    "parent": null,
    "position": Array [
      0,
      41,
    ],
    "prependOrderField": [Function],
    "removeClause": [Function],
    "replaceClause": [Function],
    "setOrderDirection": [Function],
    "type": "query",
    "where": Object {
      "accept": [Function],
      "appendOperand": [Function],
      "clauseType": "terminal",
      "enterNode": [Function],
      "exitNode": [Function],
      "field": Object {
        "accept": [Function],
        "enterNode": [Function],
        "exitNode": [Function],
        "getChildren": [Function],
        "parent": [Circular],
        "position": Array [
          0,
          9,
        ],
        "properties": Array [],
        "text": "issuetype",
        "value": "issuetype",
      },
      "getChildren": [Function],
      "operand": Object {
        "accept": [Function],
        "enterNode": [Function],
        "exitNode": [Function],
        "getChildren": [Function],
        "operandType": "value",
        "parent": [Circular],
        "position": Array [
          12,
          17,
        ],
        "text": "value",
        "type": "operand",
        "value": "value",
      },
      "operator": Object {
        "accept": [Function],
        "enterNode": [Function],
        "exitNode": [Function],
        "getChildren": [Function],
        "parent": [Circular],
        "position": Array [
          10,
          11,
        ],
        "text": "=",
        "value": "=",
      },
      "parent": [Circular],
      "position": Array [
        0,
        17,
      ],
      "predicates": Array [],
      "remove": [Function],
      "replace": [Function],
      "setOperand": [Function],
      "setOperator": [Function],
      "type": "clause",
    },
  },
  "represents": "issuetype = value with $pecial characters",
}
`;

exports[`Value operand 游린 issuetype = value with spaces 1`] = `
Object {
  "errors": Array [
    [JQLSyntaxError: mismatched input 'with' expecting {<EOF>, ORDER}],
  ],
  "query": Object {
    "accept": [Function],
    "appendClause": [Function],
    "enterNode": [Function],
    "exitNode": [Function],
    "getChildren": [Function],
    "orderBy": undefined,
    "parent": null,
    "position": Array [
      0,
      29,
    ],
    "prependOrderField": [Function],
    "removeClause": [Function],
    "replaceClause": [Function],
    "setOrderDirection": [Function],
    "type": "query",
    "where": Object {
      "accept": [Function],
      "appendOperand": [Function],
      "clauseType": "terminal",
      "enterNode": [Function],
      "exitNode": [Function],
      "field": Object {
        "accept": [Function],
        "enterNode": [Function],
        "exitNode": [Function],
        "getChildren": [Function],
        "parent": [Circular],
        "position": Array [
          0,
          9,
        ],
        "properties": Array [],
        "text": "issuetype",
        "value": "issuetype",
      },
      "getChildren": [Function],
      "operand": Object {
        "accept": [Function],
        "enterNode": [Function],
        "exitNode": [Function],
        "getChildren": [Function],
        "operandType": "value",
        "parent": [Circular],
        "position": Array [
          12,
          17,
        ],
        "text": "value",
        "type": "operand",
        "value": "value",
      },
      "operator": Object {
        "accept": [Function],
        "enterNode": [Function],
        "exitNode": [Function],
        "getChildren": [Function],
        "parent": [Circular],
        "position": Array [
          10,
          11,
        ],
        "text": "=",
        "value": "=",
      },
      "parent": [Circular],
      "position": Array [
        0,
        17,
      ],
      "predicates": Array [],
      "remove": [Function],
      "replace": [Function],
      "setOperand": [Function],
      "setOperator": [Function],
      "type": "clause",
    },
  },
  "represents": "issuetype = value with spaces",
}
`;

exports[`Value operand 游릴 issuetype = "" 1`] = `
Object {
  "errors": Array [],
  "query": Object {
    "accept": [Function],
    "appendClause": [Function],
    "enterNode": [Function],
    "exitNode": [Function],
    "getChildren": [Function],
    "orderBy": undefined,
    "parent": null,
    "position": Array [
      0,
      14,
    ],
    "prependOrderField": [Function],
    "removeClause": [Function],
    "replaceClause": [Function],
    "setOrderDirection": [Function],
    "type": "query",
    "where": Object {
      "accept": [Function],
      "appendOperand": [Function],
      "clauseType": "terminal",
      "enterNode": [Function],
      "exitNode": [Function],
      "field": Object {
        "accept": [Function],
        "enterNode": [Function],
        "exitNode": [Function],
        "getChildren": [Function],
        "parent": [Circular],
        "position": Array [
          0,
          9,
        ],
        "properties": Array [],
        "text": "issuetype",
        "value": "issuetype",
      },
      "getChildren": [Function],
      "operand": Object {
        "accept": [Function],
        "enterNode": [Function],
        "exitNode": [Function],
        "getChildren": [Function],
        "operandType": "value",
        "parent": [Circular],
        "position": Array [
          12,
          14,
        ],
        "text": "\\"\\"",
        "type": "operand",
        "value": "",
      },
      "operator": Object {
        "accept": [Function],
        "enterNode": [Function],
        "exitNode": [Function],
        "getChildren": [Function],
        "parent": [Circular],
        "position": Array [
          10,
          11,
        ],
        "text": "=",
        "value": "=",
      },
      "parent": [Circular],
      "position": Array [
        0,
        14,
      ],
      "predicates": Array [],
      "remove": [Function],
      "replace": [Function],
      "setOperand": [Function],
      "setOperator": [Function],
      "type": "clause",
    },
  },
  "represents": "issuetype = \\"\\"",
}
`;

exports[`Value operand 游릴 issuetype = "7" 1`] = `
Object {
  "errors": Array [],
  "query": Object {
    "accept": [Function],
    "appendClause": [Function],
    "enterNode": [Function],
    "exitNode": [Function],
    "getChildren": [Function],
    "orderBy": undefined,
    "parent": null,
    "position": Array [
      0,
      15,
    ],
    "prependOrderField": [Function],
    "removeClause": [Function],
    "replaceClause": [Function],
    "setOrderDirection": [Function],
    "type": "query",
    "where": Object {
      "accept": [Function],
      "appendOperand": [Function],
      "clauseType": "terminal",
      "enterNode": [Function],
      "exitNode": [Function],
      "field": Object {
        "accept": [Function],
        "enterNode": [Function],
        "exitNode": [Function],
        "getChildren": [Function],
        "parent": [Circular],
        "position": Array [
          0,
          9,
        ],
        "properties": Array [],
        "text": "issuetype",
        "value": "issuetype",
      },
      "getChildren": [Function],
      "operand": Object {
        "accept": [Function],
        "enterNode": [Function],
        "exitNode": [Function],
        "getChildren": [Function],
        "operandType": "value",
        "parent": [Circular],
        "position": Array [
          12,
          15,
        ],
        "text": "\\"7\\"",
        "type": "operand",
        "value": "7",
      },
      "operator": Object {
        "accept": [Function],
        "enterNode": [Function],
        "exitNode": [Function],
        "getChildren": [Function],
        "parent": [Circular],
        "position": Array [
          10,
          11,
        ],
        "text": "=",
        "value": "=",
      },
      "parent": [Circular],
      "position": Array [
        0,
        15,
      ],
      "predicates": Array [],
      "remove": [Function],
      "replace": [Function],
      "setOperand": [Function],
      "setOperator": [Function],
      "type": "clause",
    },
  },
  "represents": "issuetype = \\"7\\"",
}
`;

exports[`Value operand 游릴 issuetype = "value with $pecial characters" 1`] = `
Object {
  "errors": Array [],
  "query": Object {
    "accept": [Function],
    "appendClause": [Function],
    "enterNode": [Function],
    "exitNode": [Function],
    "getChildren": [Function],
    "orderBy": undefined,
    "parent": null,
    "position": Array [
      0,
      43,
    ],
    "prependOrderField": [Function],
    "removeClause": [Function],
    "replaceClause": [Function],
    "setOrderDirection": [Function],
    "type": "query",
    "where": Object {
      "accept": [Function],
      "appendOperand": [Function],
      "clauseType": "terminal",
      "enterNode": [Function],
      "exitNode": [Function],
      "field": Object {
        "accept": [Function],
        "enterNode": [Function],
        "exitNode": [Function],
        "getChildren": [Function],
        "parent": [Circular],
        "position": Array [
          0,
          9,
        ],
        "properties": Array [],
        "text": "issuetype",
        "value": "issuetype",
      },
      "getChildren": [Function],
      "operand": Object {
        "accept": [Function],
        "enterNode": [Function],
        "exitNode": [Function],
        "getChildren": [Function],
        "operandType": "value",
        "parent": [Circular],
        "position": Array [
          12,
          43,
        ],
        "text": "\\"value with $pecial characters\\"",
        "type": "operand",
        "value": "value with $pecial characters",
      },
      "operator": Object {
        "accept": [Function],
        "enterNode": [Function],
        "exitNode": [Function],
        "getChildren": [Function],
        "parent": [Circular],
        "position": Array [
          10,
          11,
        ],
        "text": "=",
        "value": "=",
      },
      "parent": [Circular],
      "position": Array [
        0,
        43,
      ],
      "predicates": Array [],
      "remove": [Function],
      "replace": [Function],
      "setOperand": [Function],
      "setOperator": [Function],
      "type": "clause",
    },
  },
  "represents": "issuetype = \\"value with $pecial characters\\"",
}
`;

exports[`Value operand 游릴 issuetype = "value with \\"escaped\\" characters" 1`] = `
Object {
  "errors": Array [],
  "query": Object {
    "accept": [Function],
    "appendClause": [Function],
    "enterNode": [Function],
    "exitNode": [Function],
    "getChildren": [Function],
    "orderBy": undefined,
    "parent": null,
    "position": Array [
      0,
      47,
    ],
    "prependOrderField": [Function],
    "removeClause": [Function],
    "replaceClause": [Function],
    "setOrderDirection": [Function],
    "type": "query",
    "where": Object {
      "accept": [Function],
      "appendOperand": [Function],
      "clauseType": "terminal",
      "enterNode": [Function],
      "exitNode": [Function],
      "field": Object {
        "accept": [Function],
        "enterNode": [Function],
        "exitNode": [Function],
        "getChildren": [Function],
        "parent": [Circular],
        "position": Array [
          0,
          9,
        ],
        "properties": Array [],
        "text": "issuetype",
        "value": "issuetype",
      },
      "getChildren": [Function],
      "operand": Object {
        "accept": [Function],
        "enterNode": [Function],
        "exitNode": [Function],
        "getChildren": [Function],
        "operandType": "value",
        "parent": [Circular],
        "position": Array [
          12,
          47,
        ],
        "text": "\\"value with \\\\\\"escaped\\\\\\" characters\\"",
        "type": "operand",
        "value": "value with \\"escaped\\" characters",
      },
      "operator": Object {
        "accept": [Function],
        "enterNode": [Function],
        "exitNode": [Function],
        "getChildren": [Function],
        "parent": [Circular],
        "position": Array [
          10,
          11,
        ],
        "text": "=",
        "value": "=",
      },
      "parent": [Circular],
      "position": Array [
        0,
        47,
      ],
      "predicates": Array [],
      "remove": [Function],
      "replace": [Function],
      "setOperand": [Function],
      "setOperator": [Function],
      "type": "clause",
    },
  },
  "represents": "issuetype = \\"value with \\\\\\"escaped\\\\\\" characters\\"",
}
`;

exports[`Value operand 游릴 issuetype = "value with spaces" 1`] = `
Object {
  "errors": Array [],
  "query": Object {
    "accept": [Function],
    "appendClause": [Function],
    "enterNode": [Function],
    "exitNode": [Function],
    "getChildren": [Function],
    "orderBy": undefined,
    "parent": null,
    "position": Array [
      0,
      31,
    ],
    "prependOrderField": [Function],
    "removeClause": [Function],
    "replaceClause": [Function],
    "setOrderDirection": [Function],
    "type": "query",
    "where": Object {
      "accept": [Function],
      "appendOperand": [Function],
      "clauseType": "terminal",
      "enterNode": [Function],
      "exitNode": [Function],
      "field": Object {
        "accept": [Function],
        "enterNode": [Function],
        "exitNode": [Function],
        "getChildren": [Function],
        "parent": [Circular],
        "position": Array [
          0,
          9,
        ],
        "properties": Array [],
        "text": "issuetype",
        "value": "issuetype",
      },
      "getChildren": [Function],
      "operand": Object {
        "accept": [Function],
        "enterNode": [Function],
        "exitNode": [Function],
        "getChildren": [Function],
        "operandType": "value",
        "parent": [Circular],
        "position": Array [
          12,
          31,
        ],
        "text": "\\"value with spaces\\"",
        "type": "operand",
        "value": "value with spaces",
      },
      "operator": Object {
        "accept": [Function],
        "enterNode": [Function],
        "exitNode": [Function],
        "getChildren": [Function],
        "parent": [Circular],
        "position": Array [
          10,
          11,
        ],
        "text": "=",
        "value": "=",
      },
      "parent": [Circular],
      "position": Array [
        0,
        31,
      ],
      "predicates": Array [],
      "remove": [Function],
      "replace": [Function],
      "setOperand": [Function],
      "setOperator": [Function],
      "type": "clause",
    },
  },
  "represents": "issuetype = \\"value with spaces\\"",
}
`;

exports[`Value operand 游릴 issuetype = "value" 1`] = `
Object {
  "errors": Array [],
  "query": Object {
    "accept": [Function],
    "appendClause": [Function],
    "enterNode": [Function],
    "exitNode": [Function],
    "getChildren": [Function],
    "orderBy": undefined,
    "parent": null,
    "position": Array [
      0,
      19,
    ],
    "prependOrderField": [Function],
    "removeClause": [Function],
    "replaceClause": [Function],
    "setOrderDirection": [Function],
    "type": "query",
    "where": Object {
      "accept": [Function],
      "appendOperand": [Function],
      "clauseType": "terminal",
      "enterNode": [Function],
      "exitNode": [Function],
      "field": Object {
        "accept": [Function],
        "enterNode": [Function],
        "exitNode": [Function],
        "getChildren": [Function],
        "parent": [Circular],
        "position": Array [
          0,
          9,
        ],
        "properties": Array [],
        "text": "issuetype",
        "value": "issuetype",
      },
      "getChildren": [Function],
      "operand": Object {
        "accept": [Function],
        "enterNode": [Function],
        "exitNode": [Function],
        "getChildren": [Function],
        "operandType": "value",
        "parent": [Circular],
        "position": Array [
          12,
          19,
        ],
        "text": "\\"value\\"",
        "type": "operand",
        "value": "value",
      },
      "operator": Object {
        "accept": [Function],
        "enterNode": [Function],
        "exitNode": [Function],
        "getChildren": [Function],
        "parent": [Circular],
        "position": Array [
          10,
          11,
        ],
        "text": "=",
        "value": "=",
      },
      "parent": [Circular],
      "position": Array [
        0,
        19,
      ],
      "predicates": Array [],
      "remove": [Function],
      "replace": [Function],
      "setOperand": [Function],
      "setOperator": [Function],
      "type": "clause",
    },
  },
  "represents": "issuetype = \\"value\\"",
}
`;

exports[`Value operand 游릴 issuetype = 'value with \\"escaped\\" characters' 1`] = `
Object {
  "errors": Array [],
  "query": Object {
    "accept": [Function],
    "appendClause": [Function],
    "enterNode": [Function],
    "exitNode": [Function],
    "getChildren": [Function],
    "orderBy": undefined,
    "parent": null,
    "position": Array [
      0,
      47,
    ],
    "prependOrderField": [Function],
    "removeClause": [Function],
    "replaceClause": [Function],
    "setOrderDirection": [Function],
    "type": "query",
    "where": Object {
      "accept": [Function],
      "appendOperand": [Function],
      "clauseType": "terminal",
      "enterNode": [Function],
      "exitNode": [Function],
      "field": Object {
        "accept": [Function],
        "enterNode": [Function],
        "exitNode": [Function],
        "getChildren": [Function],
        "parent": [Circular],
        "position": Array [
          0,
          9,
        ],
        "properties": Array [],
        "text": "issuetype",
        "value": "issuetype",
      },
      "getChildren": [Function],
      "operand": Object {
        "accept": [Function],
        "enterNode": [Function],
        "exitNode": [Function],
        "getChildren": [Function],
        "operandType": "value",
        "parent": [Circular],
        "position": Array [
          12,
          47,
        ],
        "text": "'value with \\\\\\"escaped\\\\\\" characters'",
        "type": "operand",
        "value": "value with \\"escaped\\" characters",
      },
      "operator": Object {
        "accept": [Function],
        "enterNode": [Function],
        "exitNode": [Function],
        "getChildren": [Function],
        "parent": [Circular],
        "position": Array [
          10,
          11,
        ],
        "text": "=",
        "value": "=",
      },
      "parent": [Circular],
      "position": Array [
        0,
        47,
      ],
      "predicates": Array [],
      "remove": [Function],
      "replace": [Function],
      "setOperand": [Function],
      "setOperator": [Function],
      "type": "clause",
    },
  },
  "represents": "issuetype = 'value with \\\\\\"escaped\\\\\\" characters'",
}
`;

exports[`Value operand 游릴 issuetype = 'value with \\'escaped\\' characters' 1`] = `
Object {
  "errors": Array [],
  "query": Object {
    "accept": [Function],
    "appendClause": [Function],
    "enterNode": [Function],
    "exitNode": [Function],
    "getChildren": [Function],
    "orderBy": undefined,
    "parent": null,
    "position": Array [
      0,
      47,
    ],
    "prependOrderField": [Function],
    "removeClause": [Function],
    "replaceClause": [Function],
    "setOrderDirection": [Function],
    "type": "query",
    "where": Object {
      "accept": [Function],
      "appendOperand": [Function],
      "clauseType": "terminal",
      "enterNode": [Function],
      "exitNode": [Function],
      "field": Object {
        "accept": [Function],
        "enterNode": [Function],
        "exitNode": [Function],
        "getChildren": [Function],
        "parent": [Circular],
        "position": Array [
          0,
          9,
        ],
        "properties": Array [],
        "text": "issuetype",
        "value": "issuetype",
      },
      "getChildren": [Function],
      "operand": Object {
        "accept": [Function],
        "enterNode": [Function],
        "exitNode": [Function],
        "getChildren": [Function],
        "operandType": "value",
        "parent": [Circular],
        "position": Array [
          12,
          47,
        ],
        "text": "'value with \\\\'escaped\\\\' characters'",
        "type": "operand",
        "value": "value with 'escaped' characters",
      },
      "operator": Object {
        "accept": [Function],
        "enterNode": [Function],
        "exitNode": [Function],
        "getChildren": [Function],
        "parent": [Circular],
        "position": Array [
          10,
          11,
        ],
        "text": "=",
        "value": "=",
      },
      "parent": [Circular],
      "position": Array [
        0,
        47,
      ],
      "predicates": Array [],
      "remove": [Function],
      "replace": [Function],
      "setOperand": [Function],
      "setOperator": [Function],
      "type": "clause",
    },
  },
  "represents": "issuetype = 'value with \\\\'escaped\\\\' characters'",
}
`;

exports[`Value operand 游릴 issuetype = -7 1`] = `
Object {
  "errors": Array [],
  "query": Object {
    "accept": [Function],
    "appendClause": [Function],
    "enterNode": [Function],
    "exitNode": [Function],
    "getChildren": [Function],
    "orderBy": undefined,
    "parent": null,
    "position": Array [
      0,
      14,
    ],
    "prependOrderField": [Function],
    "removeClause": [Function],
    "replaceClause": [Function],
    "setOrderDirection": [Function],
    "type": "query",
    "where": Object {
      "accept": [Function],
      "appendOperand": [Function],
      "clauseType": "terminal",
      "enterNode": [Function],
      "exitNode": [Function],
      "field": Object {
        "accept": [Function],
        "enterNode": [Function],
        "exitNode": [Function],
        "getChildren": [Function],
        "parent": [Circular],
        "position": Array [
          0,
          9,
        ],
        "properties": Array [],
        "text": "issuetype",
        "value": "issuetype",
      },
      "getChildren": [Function],
      "operand": Object {
        "accept": [Function],
        "enterNode": [Function],
        "exitNode": [Function],
        "getChildren": [Function],
        "operandType": "value",
        "parent": [Circular],
        "position": Array [
          12,
          14,
        ],
        "text": "-7",
        "type": "operand",
        "value": "-7",
      },
      "operator": Object {
        "accept": [Function],
        "enterNode": [Function],
        "exitNode": [Function],
        "getChildren": [Function],
        "parent": [Circular],
        "position": Array [
          10,
          11,
        ],
        "text": "=",
        "value": "=",
      },
      "parent": [Circular],
      "position": Array [
        0,
        14,
      ],
      "predicates": Array [],
      "remove": [Function],
      "replace": [Function],
      "setOperand": [Function],
      "setOperator": [Function],
      "type": "clause",
    },
  },
  "represents": "issuetype = -7",
}
`;

exports[`Value operand 游릴 issuetype = 7 1`] = `
Object {
  "errors": Array [],
  "query": Object {
    "accept": [Function],
    "appendClause": [Function],
    "enterNode": [Function],
    "exitNode": [Function],
    "getChildren": [Function],
    "orderBy": undefined,
    "parent": null,
    "position": Array [
      0,
      13,
    ],
    "prependOrderField": [Function],
    "removeClause": [Function],
    "replaceClause": [Function],
    "setOrderDirection": [Function],
    "type": "query",
    "where": Object {
      "accept": [Function],
      "appendOperand": [Function],
      "clauseType": "terminal",
      "enterNode": [Function],
      "exitNode": [Function],
      "field": Object {
        "accept": [Function],
        "enterNode": [Function],
        "exitNode": [Function],
        "getChildren": [Function],
        "parent": [Circular],
        "position": Array [
          0,
          9,
        ],
        "properties": Array [],
        "text": "issuetype",
        "value": "issuetype",
      },
      "getChildren": [Function],
      "operand": Object {
        "accept": [Function],
        "enterNode": [Function],
        "exitNode": [Function],
        "getChildren": [Function],
        "operandType": "value",
        "parent": [Circular],
        "position": Array [
          12,
          13,
        ],
        "text": "7",
        "type": "operand",
        "value": "7",
      },
      "operator": Object {
        "accept": [Function],
        "enterNode": [Function],
        "exitNode": [Function],
        "getChildren": [Function],
        "parent": [Circular],
        "position": Array [
          10,
          11,
        ],
        "text": "=",
        "value": "=",
      },
      "parent": [Circular],
      "position": Array [
        0,
        13,
      ],
      "predicates": Array [],
      "remove": [Function],
      "replace": [Function],
      "setOperand": [Function],
      "setOperator": [Function],
      "type": "clause",
    },
  },
  "represents": "issuetype = 7",
}
`;

exports[`Value operand 游릴 issuetype = value 1`] = `
Object {
  "errors": Array [],
  "query": Object {
    "accept": [Function],
    "appendClause": [Function],
    "enterNode": [Function],
    "exitNode": [Function],
    "getChildren": [Function],
    "orderBy": undefined,
    "parent": null,
    "position": Array [
      0,
      17,
    ],
    "prependOrderField": [Function],
    "removeClause": [Function],
    "replaceClause": [Function],
    "setOrderDirection": [Function],
    "type": "query",
    "where": Object {
      "accept": [Function],
      "appendOperand": [Function],
      "clauseType": "terminal",
      "enterNode": [Function],
      "exitNode": [Function],
      "field": Object {
        "accept": [Function],
        "enterNode": [Function],
        "exitNode": [Function],
        "getChildren": [Function],
        "parent": [Circular],
        "position": Array [
          0,
          9,
        ],
        "properties": Array [],
        "text": "issuetype",
        "value": "issuetype",
      },
      "getChildren": [Function],
      "operand": Object {
        "accept": [Function],
        "enterNode": [Function],
        "exitNode": [Function],
        "getChildren": [Function],
        "operandType": "value",
        "parent": [Circular],
        "position": Array [
          12,
          17,
        ],
        "text": "value",
        "type": "operand",
        "value": "value",
      },
      "operator": Object {
        "accept": [Function],
        "enterNode": [Function],
        "exitNode": [Function],
        "getChildren": [Function],
        "parent": [Circular],
        "position": Array [
          10,
          11,
        ],
        "text": "=",
        "value": "=",
      },
      "parent": [Circular],
      "position": Array [
        0,
        17,
      ],
      "predicates": Array [],
      "remove": [Function],
      "replace": [Function],
      "setOperand": [Function],
      "setOperator": [Function],
      "type": "clause",
    },
  },
  "represents": "issuetype = value",
}
`;
