// Jest Snapshot v1, https://goo.gl/fbAQLP

exports[`ArticleContent Should match snapshot 1`] = `
.emotion-5 {
  position: relative;
  box-sizing: border-box;
  padding: var(--ds-space-100, 8px);
  display: block;
  -webkit-text-decoration: none;
  text-decoration: none;
  cursor: pointer;
  color: var(--ds-text-subtlest, #6B778C);
  border-radius: 3px;
  background-color: var(--ds-background-neutral-subtle, transparent);
  border: 0;
  padding: var(--ds-space-150, 12px);
  margin-bottom: 0;
}

.emotion-5:hover,
.emotion-5:focus,
.emotion-5:visited,
.emotion-5:active {
  -webkit-text-decoration: none;
  text-decoration: none;
  outline: none;
  outline-offset: none;
}

.emotion-5:focus {
  box-shadow: var(--ds-border-focused, #4C9AFF) 0px 0px 0px 2px inset;
}

.emotion-5:hover {
  background-color: var(--ds-background-neutral-subtle-hovered, #EBECF0);
}

.emotion-5:active {
  background-color: var(--ds-background-neutral-subtle-pressed, #DEEBFF);
}

.emotion-3 {
  width: 100%;
  white-space: nowrap;
  display: -webkit-box;
  display: -webkit-flex;
  display: -ms-flexbox;
  display: flex;
}

.emotion-2 {
  display: -webkit-box;
  display: -webkit-flex;
  display: -ms-flexbox;
  display: flex;
  -webkit-flex-direction: column;
  -ms-flex-direction: column;
  flex-direction: column;
  -webkit-box-flex: 1;
  -webkit-flex-grow: 1;
  -ms-flex-positive: 1;
  flex-grow: 1;
}

.emotion-0 {
  -webkit-text-decoration: none;
  text-decoration: none;
  color: var(--ds-text, #172B4D);
  font: var(--ds-font-heading-xsmall, normal 600 14px/16px ui-sans-serif, -apple-system, BlinkMacSystemFont, "Segoe UI", Ubuntu, system-ui, "Helvetica Neue", sans-serif);
  display: inline-block;
  white-space: normal;
  overflow: hidden;
  margin-bottom: var(--ds-space-100, 4px);
}

.emotion-1 {
  font: var(--ds-font-body-small, normal 400 11px/16px ui-sans-serif, -apple-system, BlinkMacSystemFont, "Segoe UI", Ubuntu, system-ui, "Helvetica Neue", sans-serif);
  color: var(--ds-text-subtlest, rgba(9, 30, 66, 0.71));
  padding: var(--ds-space-050, 4px) 0;
}

.emotion-4 {
  display: block;
  line-height: 20px;
  color: var(--ds-text-subtle, #505F79);
  margin: 0;
  padding-bottom: var(--ds-space-025, 2px);
}

<div>
  <a
    aria-disabled="false"
    class="emotion-5"
    href=""
    role="button"
  >
    <div
      class="emotion-3"
    >
      <div
        class="emotion-2"
      >
        <p
          class="emotion-0"
        >
          mockArticle title
        </p>
        <div
          class="emotion-1"
        >
          Last modified: 
          2020-04-29T06:05:02.426Z
        </div>
      </div>
      
    </div>
    <p
      class="emotion-4"
    >
      mockArticle description
    </p>
  </a>
  <a
    aria-disabled="false"
    class="emotion-5"
    href=""
    role="button"
  >
    <div
      class="emotion-3"
    >
      <div
        class="emotion-2"
      >
        <p
          class="emotion-0"
        >
          mockArticle title
        </p>
        <div
          class="emotion-1"
        >
          Last modified: 
          2020-04-29T06:05:02.426Z
        </div>
      </div>
      
    </div>
    <p
      class="emotion-4"
    >
      mockArticle description
    </p>
  </a>
  <a
    aria-disabled="false"
    class="emotion-5"
    href=""
    role="button"
  >
    <div
      class="emotion-3"
    >
      <div
        class="emotion-2"
      >
        <p
          class="emotion-0"
        >
          mockArticle title
        </p>
        <div
          class="emotion-1"
        >
          Last modified: 
          2020-04-29T06:05:02.426Z
        </div>
      </div>
      
    </div>
    <p
      class="emotion-4"
    >
      mockArticle description
    </p>
  </a>
</div>
`;
