// Jest Snapshot v1, https://goo.gl/fbAQLP

exports[`Media-link-transform should move the link mark from mediaSingle to media 1`] = `
{
  "isTransformed": true,
  "transformedAdf": {
    "content": [
      {
        "attrs": {
          "layout": "center",
        },
        "content": [
          {
            "attrs": {
              "collection": "MediaServicesSample",
              "height": 60,
              "id": "0e1a2d1d-9300-4658-af9c-bd77a699401d",
              "type": "file",
              "width": 184,
            },
            "marks": [
              {
                "attrs": {
                  "href": "https://www.gnu.org",
                },
                "type": "link",
              },
            ],
            "type": "media",
          },
        ],
        "type": "mediaSingle",
      },
      {
        "attrs": {
          "layout": "center",
        },
        "content": [
          {
            "attrs": {
              "collection": "MediaServicesSample",
              "height": 60,
              "id": "0e1a2d1d-9300-4658-af9c-bd77a699401d",
              "type": "file",
              "width": 184,
            },
            "marks": [
              {
                "attrs": {
                  "href": "https://www.google.com/",
                },
                "type": "link",
              },
            ],
            "type": "media",
          },
        ],
        "type": "mediaSingle",
      },
      {
        "attrs": {
          "layout": "center",
        },
        "content": [
          {
            "attrs": {
              "collection": "MediaServicesSample",
              "height": 60,
              "id": "0e1a2d1d-9300-4658-af9c-bd77a699401d",
              "type": "file",
              "width": 184,
            },
            "marks": [
              {
                "attrs": {
                  "href": "https://www.gnu.org",
                },
                "type": "link",
              },
            ],
            "type": "media",
          },
        ],
        "marks": [
          {
            "type": "unsupportedBlock",
          },
        ],
        "type": "mediaSingle",
      },
      {
        "attrs": {
          "layout": "center",
        },
        "content": [
          {
            "attrs": {
              "collection": "MediaServicesSample",
              "height": 60,
              "id": "0e1a2d1d-9300-4658-af9c-bd77a699401d",
              "type": "file",
              "width": 184,
            },
            "type": "media",
          },
        ],
        "marks": [
          {
            "type": "unsupportedBlock",
          },
        ],
        "type": "mediaSingle",
      },
      {
        "attrs": {
          "layout": "center",
        },
        "content": [
          {
            "attrs": {
              "collection": "MediaServicesSample",
              "height": 60,
              "id": "0e1a2d1d-9300-4658-af9c-bd77a699401d",
              "type": "file",
              "width": 184,
            },
            "type": "media",
          },
        ],
        "type": "mediaSingle",
      },
      {
        "attrs": {
          "layout": "center",
        },
        "content": [
          {
            "type": "unsupportedBlock",
          },
        ],
        "type": "mediaSingle",
      },
      {
        "content": [],
        "type": "paragraph",
      },
    ],
    "type": "doc",
    "version": 1,
  },
}
`;
