// Jest Snapshot v1, https://goo.gl/fbAQLP

exports[`Traverse should remove node when visitor returns false 1`] = `
{
  "content": [
    {
      "content": [
        {
          "text": "My favourite emoji is ",
          "type": "text",
        },
        {
          "text": " . What is yours?",
          "type": "text",
        },
      ],
      "type": "paragraph",
    },
  ],
  "type": "doc",
  "version": 1,
}
`;

exports[`Traverse should replace a node when visitor returns a new adf node 1`] = `
{
  "content": [
    {
      "content": [
        {
          "text": "Hi, my name is... My name is... My name is... My name is ",
          "type": "text",
        },
        {
          "attrs": {
            "accessLevel": "",
            "id": "1",
            "text": "@Oscar Wallhult – updated",
          },
          "type": "mention",
        },
        {
          "text": " :D",
          "type": "text",
        },
      ],
      "type": "paragraph",
    },
    {
      "content": [
        {
          "text": "This is a ",
          "type": "text",
        },
        {
          "attrs": {
            "accessLevel": "",
            "id": "2",
            "text": "@mention – updated",
          },
          "type": "mention",
        },
        {
          "text": ". And this is a broken ",
          "type": "text",
        },
        {
          "attrs": {
            "accessLevel": "",
            "id": "mention",
            "text": "@unknown – updated",
          },
          "type": "mention",
        },
      ],
      "type": "paragraph",
    },
    {
      "content": [
        {
          "text": "Mentions with generic ids ",
          "type": "text",
        },
        {
          "attrs": {
            "accessLevel": "CONTAINER",
            "id": "here",
            "text": "@here – updated",
          },
          "type": "mention",
        },
        {
          "text": " ",
          "type": "text",
        },
        {
          "attrs": {
            "accessLevel": "CONTAINER",
            "id": "all",
            "text": "@all – updated",
          },
          "type": "mention",
        },
      ],
      "type": "paragraph",
    },
  ],
  "type": "doc",
  "version": 1,
}
`;
