// Jest Snapshot v1, https://goo.gl/fbAQLP

exports[`ReportingLinesDetails should match snapshot when manager and reports are NOT specified 1`] = `<Fragment />`;

exports[`ReportingLinesDetails should match snapshot when manager and reports are specified 1`] = `
<Fragment>
  <Styled(div)>
    <Styled(h3)
      style={
        Object {
          "marginBottom": 0,
        }
      }
    >
      <MemoizedFormattedMessage
        defaultMessage="Manager"
        description="Title for a section on the profile card that show the user's direct manager"
        id="pt.team-profile-card.manager.heading"
      />
    </Styled(h3)>
    <Styled(div)>
      <Button
        appearance="subtle"
        href="profile-urlabcd"
        isDisabled={false}
        onClick={[Function]}
        spacing="none"
      >
        <Styled(div)>
          <Avatar
            size="xsmall"
            src="picture"
          />
          <Styled(span)>
            name
          </Styled(span)>
        </Styled(div)>
      </Button>
    </Styled(div)>
  </Styled(div)>
  <Styled(div)>
    <Styled(h3)>
      <MemoizedFormattedMessage
        defaultMessage="Direct reports"
        description="Title for a section on the profile card that show the user's direct reports"
        id="pt.team-profile-card.directReports.heading"
      />
    </Styled(h3)>
    <AvatarGroup
      appearance="stack"
      data={
        Array [
          Object {
            "href": "profile-urlabcd",
            "key": "abcd",
            "name": "name",
            "onClick": [Function],
            "src": "picture",
          },
          Object {
            "href": "profile-urlabcd",
            "key": "abcd",
            "name": "name",
            "onClick": [Function],
            "src": "picture",
          },
        ]
      }
      maxCount={5}
      size="small"
      testId="profilecard-reports-avatar-group"
    />
  </Styled(div)>
</Fragment>
`;
