// Jest Snapshot v1, https://goo.gl/fbAQLP

exports[`JIRA wiki markup - File Link should find file link in the text 1`] = `
{
  "content": [
    {
      "content": [
        {
          "attrs": {
            "__contextId": null,
            "__displayType": null,
            "__external": false,
            "__fileMimeType": null,
            "__fileName": null,
            "__fileSize": null,
            "__mediaTraceId": null,
            "alt": "",
            "collection": "",
            "height": null,
            "id": "abc-123",
            "occurrenceKey": null,
            "type": "file",
            "url": null,
            "width": null,
          },
          "type": "media",
        },
      ],
      "type": "mediaGroup",
    },
  ],
  "type": "doc",
}
`;
