// Jest Snapshot v1, https://goo.gl/fbAQLP

exports[`User mention description should render User Mention description component 1`] = `
.emotion-0 {
  color: var(--ds-text-subtlest, #7A869A);
  font: var(--ds-font-body-UNSAFE_small, normal 400 12px/16px ui-sans-serif, -apple-system, BlinkMacSystemFont, "Segoe UI", Ubuntu, system-ui, "Helvetica Neue", sans-serif);
  margin-top: var(--ds-space-025, 2px);
  display: block;
  overflow: hidden;
  text-overflow: ellipsis;
  white-space: nowrap;
}

<span
  class="emotion-0"
>
  @Test User
</span>
`;
